       }
    }

    func cleanup() {
        cleanupTask?.cancel()
        cleanupTask = nil
        stopPersistentProcess()
    }

    deinit {
        // –ü—Ä–æ—Å—Ç–æ –æ—Ç–º–µ–Ω—è–µ–º –∑–∞–¥–∞—á—É –æ—á–∏—Å—Ç–∫–∏, –æ–Ω–∞ —Å–∞–º–∞ –≤—ã–∑–æ–≤–µ—Ç stopPersistentProcess
        cleanupTask?.cancel()
    }
}
EOF
mk@mav TelegramUIDScanner % swift build

Building for debugging...
[10/10] Applying TelegramUIDScanner
Build complete! (2.72s)
mk@mav TelegramUIDScanner % swift run

Building for debugging...
[1/1] Write swift-version--1AB21518FC5DEDBE.txt
Build of product 'TelegramUIDScanner' complete! (0.08s)
^C
mk@mav TelegramUIDScanner % >....                                               
        }

        if telegramMetrics.averageResponseTime > 10 {
            recommendations.append("‚Ä¢ –ü—Ä–æ–≤–µ—Ä—å—Ç–µ —Å–∫–æ—Ä–æ—Å—Ç—å –∏–Ω—Ç–µ—Ä–Ω–µ—Ç–∞")
        }

        return recommendations.isEmpty ? "‚Ä¢ –í—Å–µ –ø–∞—Ä–∞–º–µ—Ç—Ä—ã –≤ –Ω–æ—Ä–º–µ" : recommendations.joined(separator: "\n")
    }

    private func formatTime(_ seconds: TimeInterval) -> String {
        let hours = Int(seconds) / 3600
        let minutes = (Int(seconds) % 3600) / 60
        let seconds = Int(seconds) % 60

        return String(format: "%02d:%02d:%02d", hours, minutes, seconds)
    }

    deinit {
        stopMonitoring()
    }
}
EOF
mk@mav TelegramUIDScanner % cd ~/TelegramUIDScanner

mk@mav TelegramUIDScanner % >....                                               
    private func getRecommendations() -> String {
        var recommendations: [String] = []
        let stats = getQueueStatus()
        let speedStats = getStats()

        if stats.pending > 100 && activeThreads < maxConcurrentThreads {
            recommendations.append("‚Ä¢ –ú–æ–∂–Ω–æ —É–≤–µ–ª–∏—á–∏—Ç—å –∫–æ–ª–∏—á–µ—Å—Ç–≤–æ –ø–æ—Ç–æ–∫–æ–≤")
        }

        if speedStats.failed > speedStats.successful * 0.3 {
            recommendations.append("‚Ä¢ –ú–Ω–æ–≥–æ –æ—à–∏–±–æ–∫ - –ø—Ä–æ–≤–µ—Ä—å—Ç–µ –∞–∫–∫–∞—É–Ω—Ç—ã")
        }

        if speedStats.averageProcessingTime > 10.0 {
            recommendations.append("‚Ä¢ –í—ã—Å–æ–∫–æ–µ –≤—Ä–µ–º—è –æ—Ç–≤–µ—Ç–∞ - –≤–æ–∑–º–æ–∂–Ω–æ –ø—Ä–æ–±–ª–µ–º—ã —Å —Å–µ—Ç—å—é")
        }

        return recommendations.isEmpty ? "‚Ä¢ –í—Å–µ –ø–∞—Ä–∞–º–µ—Ç—Ä—ã –æ–ø—Ç–∏–º–∏–∑–∏—Ä–æ–≤–∞–Ω—ã" : recommendations.joined(separator: "\n")
    }
}
EOF
mk@mav TelegramUIDScanner % swift build
[1/1] Planning build
Building for debugging...
/Users/mk/TelegramUIDScanner/Sources/TelegramUIDScanner/Services/MonitoringService.swift:240:9: error: call to main actor-isolated instance method 'stopMonitoring()' in a synchronous nonisolated context [#ActorIsolatedCall]
 49 |     }
 50 |     
 51 |     func stopMonitoring() {
    |          `- note: calls to instance method 'stopMonitoring()' from outside of its actor context are implicitly asynchronous
 52 |         isMonitoring = false
 53 |         monitoringTask?.cancel()
    :
238 |     
239 |     deinit {
240 |         stopMonitoring()
    |         `- error: call to main actor-isolated instance method 'stopMonitoring()' in a synchronous nonisolated context [#ActorIsolatedCall]
241 |     }
242 | }

[#ActorIsolatedCall]: <https://docs.swift.org/compiler/documentation/diagnostics/actor-isolated-call>
/Users/mk/TelegramUIDScanner/Sources/TelegramUIDScanner/Services/ParallelProcessor.swift:66:40: error: call to main actor-isolated instance method 'sendEvelynNotification(_:type:)' in a synchronous actor-isolated context [#ActorIsolatedCall]
 64 |         
 65 |         if account.isEvelyn {
 66 |             NotificationManager.shared.sendEvelynNotification(
    |                                        `- error: call to main actor-isolated instance method 'sendEvelynNotification(_:type:)' in a synchronous actor-isolated context [#ActorIsolatedCall]
 67 |                 "üì• –ú–Ω–æ–≥–æ–ø–æ—Ç–æ—á–Ω–∞—è –æ–±—Ä–∞–±–æ—Ç–∫–∞\n–î–æ–±–∞–≤–ª–µ–Ω–æ: \(uids.count) UID\n–ú–∞–∫—Å. –ø–æ—Ç–æ–∫–æ–≤: \(maxConcurrentThreads)",
 68 |                 type: .info

/Users/mk/TelegramUIDScanner/Sources/TelegramUIDScanner/Services/QueueManager.swift:144:10: note: calls to instance method 'sendEvelynNotification(_:type:)' from outside of its actor context are implicitly asynchronous
142 |     private let notificationCooldown: TimeInterval = 300 // 5 –º–∏–Ω—É—Ç
143 |     
144 |     func sendEvelynNotification(_ message: String, type: NotificationType = .info) {
    |          `- note: calls to instance method 'sendEvelynNotification(_:type:)' from outside of its actor context are implicitly asynchronous
145 |         // –ü—Ä–æ–≤–µ—Ä—è–µ–º, –Ω–µ –æ—Ç–ø—Ä–∞–≤–ª—è–ª–∏ –ª–∏ –º—ã —É–∂–µ —Ç–∞–∫–æ–µ —É–≤–µ–¥–æ–º–ª–µ–Ω–∏–µ
146 |         let notificationHash = "\(message.hashValue)"

/Users/mk/TelegramUIDScanner/Sources/TelegramUIDScanner/Services/ParallelProcessor.swift:66:33: error: main actor-isolated static property 'shared' can not be referenced on a nonisolated actor instance
 64 |         
 65 |         if account.isEvelyn {
 66 |             NotificationManager.shared.sendEvelynNotification(
    |                                 `- error: main actor-isolated static property 'shared' can not be referenced on a nonisolated actor instance
 67 |                 "üì• –ú–Ω–æ–≥–æ–ø–æ—Ç–æ—á–Ω–∞—è –æ–±—Ä–∞–±–æ—Ç–∫–∞\n–î–æ–±–∞–≤–ª–µ–Ω–æ: \(uids.count) UID\n–ú–∞–∫—Å. –ø–æ—Ç–æ–∫–æ–≤: \(maxConcurrentThreads)",
 68 |                 type: .info

/Users/mk/TelegramUIDScanner/Sources/TelegramUIDScanner/Services/QueueManager.swift:139:16: note: static property declared here
137 | @MainActor
138 | class NotificationManager {
139 |     static let shared = NotificationManager()
    |                `- note: static property declared here
140 |     
141 |     private var sentNotifications: Set<String> = []

/Users/mk/TelegramUIDScanner/Sources/TelegramUIDScanner/Services/ParallelProcessor.swift:175:27: warning: result of call to 'addJob(account:uid:priority:)' is unused [#no-usage]
173 |                     // –ñ–¥–µ–º –∏ –¥–æ–±–∞–≤–ª—è–µ–º —Å–Ω–æ–≤–∞
174 |                     try? await Task.sleep(nanoseconds: 2_000_000_000) // 2 —Å–µ–∫
175 |                     await addJob(account: job.account, uid: job.uid, priority: job.priority + 1)
    |                           `- warning: result of call to 'addJob(account:uid:priority:)' is unused [#no-usage]
176 |                     
177 |                 } else {

/Users/mk/TelegramUIDScanner/Sources/TelegramUIDScanner/Services/ParallelProcessor.swift:175:21: warning: no 'async' operations occur within 'await' expression
173 |                     // –ñ–¥–µ–º –∏ –¥–æ–±–∞–≤–ª—è–µ–º —Å–Ω–æ–≤–∞
174 |                     try? await Task.sleep(nanoseconds: 2_000_000_000) // 2 —Å–µ–∫
175 |                     await addJob(account: job.account, uid: job.uid, priority: job.priority + 1)
    |                     `- warning: no 'async' operations occur within 'await' expression
176 |                     
177 |                 } else {

/Users/mk/TelegramUIDScanner/Sources/TelegramUIDScanner/Services/ParallelProcessor.swift:197:36: error: call to main actor-isolated instance method 'sendEvelynNotification(_:type:)' in a synchronous actor-isolated context [#ActorIsolatedCall]
195 |         print("‚è∏Ô∏è –ú–Ω–æ–≥–æ–ø–æ—Ç–æ—á–Ω–∞—è –æ–±—Ä–∞–±–æ—Ç–∫–∞ –ø—Ä–∏–æ—Å—Ç–∞–Ω–æ–≤–ª–µ–Ω–∞")
196 |         
197 |         NotificationManager.shared.sendEvelynNotification(
    |                                    `- error: call to main actor-isolated instance method 'sendEvelynNotification(_:type:)' in a synchronous actor-isolated context [#ActorIsolatedCall]
198 |             "‚è∏Ô∏è –ú–ù–û–ì–û–ü–û–¢–û–ß–ù–ê–Ø –û–ë–†–ê–ë–û–¢–ö–ê –ü–†–ò–û–°–¢–ê–ù–û–í–õ–ï–ù–ê\n–ê–∫—Ç–∏–≤–Ω—ã—Ö –∑–∞–¥–∞—á: \(queue.filter { $0.status == .processing }.count)",
199 |             type: .warning

/Users/mk/TelegramUIDScanner/Sources/TelegramUIDScanner/Services/QueueManager.swift:144:10: note: calls to instance method 'sendEvelynNotification(_:type:)' from outside of its actor context are implicitly asynchronous
142 |     private let notificationCooldown: TimeInterval = 300 // 5 –º–∏–Ω—É—Ç
143 |     
144 |     func sendEvelynNotification(_ message: String, type: NotificationType = .info) {
    |          `- note: calls to instance method 'sendEvelynNotification(_:type:)' from outside of its actor context are implicitly asynchronous
145 |         // –ü—Ä–æ–≤–µ—Ä—è–µ–º, –Ω–µ –æ—Ç–ø—Ä–∞–≤–ª—è–ª–∏ –ª–∏ –º—ã —É–∂–µ —Ç–∞–∫–æ–µ —É–≤–µ–¥–æ–º–ª–µ–Ω–∏–µ
146 |         let notificationHash = "\(message.hashValue)"

/Users/mk/TelegramUIDScanner/Sources/TelegramUIDScanner/Services/ParallelProcessor.swift:197:29: error: main actor-isolated static property 'shared' can not be referenced on a nonisolated actor instance
195 |         print("‚è∏Ô∏è –ú–Ω–æ–≥–æ–ø–æ—Ç–æ—á–Ω–∞—è –æ–±—Ä–∞–±–æ—Ç–∫–∞ –ø—Ä–∏–æ—Å—Ç–∞–Ω–æ–≤–ª–µ–Ω–∞")
196 |         
197 |         NotificationManager.shared.sendEvelynNotification(
    |                             `- error: main actor-isolated static property 'shared' can not be referenced on a nonisolated actor instance
198 |             "‚è∏Ô∏è –ú–ù–û–ì–û–ü–û–¢–û–ß–ù–ê–Ø –û–ë–†–ê–ë–û–¢–ö–ê –ü–†–ò–û–°–¢–ê–ù–û–í–õ–ï–ù–ê\n–ê–∫—Ç–∏–≤–Ω—ã—Ö –∑–∞–¥–∞—á: \(queue.filter { $0.status == .processing }.count)",
199 |             type: .warning

/Users/mk/TelegramUIDScanner/Sources/TelegramUIDScanner/Services/QueueManager.swift:139:16: note: static property declared here
137 | @MainActor
138 | class NotificationManager {
139 |     static let shared = NotificationManager()
    |                `- note: static property declared here
140 |     
141 |     private var sentNotifications: Set<String> = []

/Users/mk/TelegramUIDScanner/Sources/TelegramUIDScanner/Services/ParallelProcessor.swift:224:36: error: call to main actor-isolated instance method 'sendEvelynNotification(_:type:)' in a synchronous actor-isolated context [#ActorIsolatedCall]
222 |         print("üßπ –û—á–µ—Ä–µ–¥—å –æ—á–∏—â–µ–Ω–∞")
223 |         
224 |         NotificationManager.shared.sendEvelynNotification(
    |                                    `- error: call to main actor-isolated instance method 'sendEvelynNotification(_:type:)' in a synchronous actor-isolated context [#ActorIsolatedCall]
225 |             "üßπ –û–ß–ï–†–ï–î–¨ –û–ß–ò–©–ï–ù–ê\n–í—Å–µ –∑–∞–¥–∞—á–∏ –æ—Ç–º–µ–Ω–µ–Ω—ã",
226 |             type: .info

/Users/mk/TelegramUIDScanner/Sources/TelegramUIDScanner/Services/QueueManager.swift:144:10: note: calls to instance method 'sendEvelynNotification(_:type:)' from outside of its actor context are implicitly asynchronous
142 |     private let notificationCooldown: TimeInterval = 300 // 5 –º–∏–Ω—É—Ç
143 |     
144 |     func sendEvelynNotification(_ message: String, type: NotificationType = .info) {
    |          `- note: calls to instance method 'sendEvelynNotification(_:type:)' from outside of its actor context are implicitly asynchronous
145 |         // –ü—Ä–æ–≤–µ—Ä—è–µ–º, –Ω–µ –æ—Ç–ø—Ä–∞–≤–ª—è–ª–∏ –ª–∏ –º—ã —É–∂–µ —Ç–∞–∫–æ–µ —É–≤–µ–¥–æ–º–ª–µ–Ω–∏–µ
146 |         let notificationHash = "\(message.hashValue)"

/Users/mk/TelegramUIDScanner/Sources/TelegramUIDScanner/Services/ParallelProcessor.swift:224:29: error: main actor-isolated static property 'shared' can not be referenced on a nonisolated actor instance
222 |         print("üßπ –û—á–µ—Ä–µ–¥—å –æ—á–∏—â–µ–Ω–∞")
223 |         
224 |         NotificationManager.shared.sendEvelynNotification(
    |                             `- error: main actor-isolated static property 'shared' can not be referenced on a nonisolated actor instance
225 |             "üßπ –û–ß–ï–†–ï–î–¨ –û–ß–ò–©–ï–ù–ê\n–í—Å–µ –∑–∞–¥–∞—á–∏ –æ—Ç–º–µ–Ω–µ–Ω—ã",
226 |             type: .info

/Users/mk/TelegramUIDScanner/Sources/TelegramUIDScanner/Services/QueueManager.swift:139:16: note: static property declared here
137 | @MainActor
138 | class NotificationManager {
139 |     static let shared = NotificationManager()
    |                `- note: static property declared here
140 |     
141 |     private var sentNotifications: Set<String> = []

/Users/mk/TelegramUIDScanner/Sources/TelegramUIDScanner/Services/ParallelProcessor.swift:297:56: error: cannot convert value of type 'Double' to expected argument type 'Int'
295 |         }
296 |         
297 |         if speedStats.failed > speedStats.successful * 0.3 {
    |                                                        `- error: cannot convert value of type 'Double' to expected argument type 'Int'
298 |             recommendations.append("‚Ä¢ –ú–Ω–æ–≥–æ –æ—à–∏–±–æ–∫ - –ø—Ä–æ–≤–µ—Ä—å—Ç–µ –∞–∫–∫–∞—É–Ω—Ç—ã")
299 |         }

[#ActorIsolatedCall]: <https://docs.swift.org/compiler/documentation/diagnostics/actor-isolated-call>
[5/8] Compiling TelegramUIDScanner ParallelProcessor.swift
mk@mav TelegramUIDScanner % swift build 2>&1 | pbcopy
mk@mav TelegramUIDScanner % >....                                               
    func clearAll() {
        for task in processingTasks.values {
            task.cancel()
        }

        processingTasks.removeAll()
        queue.removeAll()
        activeThreads = 0
        isProcessing = false
    }

    func cancelJob(id: UUID) {
        processingTasks[id]?.cancel()
        processingTasks.removeValue(forKey: id)

        if let index = queue.firstIndex(where: { $0.id == id }) {
            queue.remove(at: index)
        }

        activeThreads = queue.filter { $0.status == .processing }.count
    }
}
EOF
mk@mav TelegramUIDScanner % swift build
Building for debugging...
/Users/mk/TelegramUIDScanner/Sources/TelegramUIDScanner/Services/ParallelProcessor.swift:30:17: error: extra argument 'id' in call
 28 |     func addJob(account: TelegramAccount, uid: String, priority: Int = 0) -> UUID {
 29 |         let job = ProcessingJob(
 30 |             id: UUID(),
    |                 `- error: extra argument 'id' in call
 31 |             account: account,
 32 |             uid: uid,
/Users/mk/TelegramUIDScanner/Sources/TelegramUIDScanner/Services/MonitoringService.swift:240:9: error: call to main actor-isolated instance method 'stopMonitoring()' in a synchronous nonisolated context [#ActorIsolatedCall]
 49 |     }
 50 |     
 51 |     func stopMonitoring() {
    |          `- note: calls to instance method 'stopMonitoring()' from outside of its actor context are implicitly asynchronous
 52 |         isMonitoring = false
 53 |         monitoringTask?.cancel()
    :
238 |     
239 |     deinit {
240 |         stopMonitoring()
    |         `- error: call to main actor-isolated instance method 'stopMonitoring()' in a synchronous nonisolated context [#ActorIsolatedCall]
241 |     }
242 | }

[#ActorIsolatedCall]: <https://docs.swift.org/compiler/documentation/diagnostics/actor-isolated-call>
[5/8] Compiling TelegramUIDScanner MonitoringService.swift
mk@mav TelegramUIDScanner % cd ~/TelegramUIDScanner

mk@mav TelegramUIDScanner % >....                                               
        processingTasks[id]?.cancel()
        processingTasks.removeValue(forKey: id)

        if let index = queue.firstIndex(where: { $0.id == id }) {
            queue.remove(at: index)
        }
    }

    func getQueueStats() async -> (total: Int, active: Int, pending: Int, completed: Int) {
        let total = queue.count
        let active = queue.filter { $0.status == .processing }.count
        let pending = queue.filter { $0.status == .pending }.count
        let completed = queue.filter { $0.status == .completed }.count

        return (total, active, pending, completed)
    }

    func clearCompleted() async {
        queue.removeAll { $0.status == .completed || $0.status == .failed }
    }
}
EOF
mk@mav TelegramUIDScanner % swift build
Building for debugging...
/Users/mk/TelegramUIDScanner/Sources/TelegramUIDScanner/Services/ParallelProcessor.swift:28:37: error: extra argument 'id' in call
 26 |     
 27 |     func addJob(account: TelegramAccount, uid: String, priority: Int = 0) async -> UUID {
 28 |         let job = ProcessingJob(id: UUID(), account: account, uid: uid, priority: priority)
    |                                     `- error: extra argument 'id' in call
 29 |         queue.append(job)
 30 |         queue.sort { $0.priority > $1.priority } // –°–æ—Ä—Ç–∏—Ä—É–µ–º –ø–æ –ø—Ä–∏–æ—Ä–∏—Ç–µ—Ç—É

/Users/mk/TelegramUIDScanner/Sources/TelegramUIDScanner/Services/ParallelProcessor.swift:76:32: error: actor-isolated property 'queue' can not be referenced from the main actor
  7 |     private let maxConcurrentThreads = 3
  8 |     private var activeThreads = 0
  9 |     private var queue: [ProcessingJob] = []
    |                 `- note: property declared here
 10 |     private var isProcessing = false
 11 |     
    :
 74 |             // –û–±–Ω–æ–≤–ª—è–µ–º UI
 75 |             await MainActor.run {
 76 |                 if let index = queue.firstIndex(where: { $0.id == currentJob.id }) {
    |                                `- error: actor-isolated property 'queue' can not be referenced from the main actor
 77 |                     queue[index] = currentJob
 78 |                 }

/Users/mk/TelegramUIDScanner/Sources/TelegramUIDScanner/Services/ParallelProcessor.swift:77:21: error: actor-isolated property 'queue' can not be mutated from the main actor
  7 |     private let maxConcurrentThreads = 3
  8 |     private var activeThreads = 0
  9 |     private var queue: [ProcessingJob] = []
    |                 `- note: mutation of this property is only permitted within the actor
 10 |     private var isProcessing = false
 11 |     
    :
 75 |             await MainActor.run {
 76 |                 if let index = queue.firstIndex(where: { $0.id == currentJob.id }) {
 77 |                     queue[index] = currentJob
    |                     `- error: actor-isolated property 'queue' can not be mutated from the main actor
 78 |                 }
 79 |             }

/Users/mk/TelegramUIDScanner/Sources/TelegramUIDScanner/Services/ParallelProcessor.swift:92:36: error: actor-isolated property 'queue' can not be referenced from the main actor
  7 |     private let maxConcurrentThreads = 3
  8 |     private var activeThreads = 0
  9 |     private var queue: [ProcessingJob] = []
    |                 `- note: property declared here
 10 |     private var isProcessing = false
 11 |     
    :
 90 |             } else {
 91 |                 await MainActor.run {
 92 |                     if let index = queue.firstIndex(where: { $0.id == currentJob.id }) {
    |                                    `- error: actor-isolated property 'queue' can not be referenced from the main actor
 93 |                         queue[index] = currentJob
 94 |                     }

/Users/mk/TelegramUIDScanner/Sources/TelegramUIDScanner/Services/ParallelProcessor.swift:93:25: error: actor-isolated property 'queue' can not be mutated from the main actor
  7 |     private let maxConcurrentThreads = 3
  8 |     private var activeThreads = 0
  9 |     private var queue: [ProcessingJob] = []
    |                 `- note: mutation of this property is only permitted within the actor
 10 |     private var isProcessing = false
 11 |     
    :
 91 |                 await MainActor.run {
 92 |                     if let index = queue.firstIndex(where: { $0.id == currentJob.id }) {
 93 |                         queue[index] = currentJob
    |                         `- error: actor-isolated property 'queue' can not be mutated from the main actor
 94 |                     }
 95 |                 }
/Users/mk/TelegramUIDScanner/Sources/TelegramUIDScanner/Services/MonitoringService.swift:240:9: error: call to main actor-isolated instance method 'stopMonitoring()' in a synchronous nonisolated context [#ActorIsolatedCall]
 49 |     }
 50 |     
 51 |     func stopMonitoring() {
    |          `- note: calls to instance method 'stopMonitoring()' from outside of its actor context are implicitly asynchronous
 52 |         isMonitoring = false
 53 |         monitoringTask?.cancel()
    :
238 |     
239 |     deinit {
240 |         stopMonitoring()
    |         `- error: call to main actor-isolated instance method 'stopMonitoring()' in a synchronous nonisolated context [#ActorIsolatedCall]
241 |     }
242 | }

[#ActorIsolatedCall]: <https://docs.swift.org/compiler/documentation/diagnostics/actor-isolated-call>
[5/8] Compiling TelegramUIDScanner MonitoringService.swift
mk@mav TelegramUIDScanner % >....                                               
        let averageAmount: Double
        let activeFilterCount: Int
    }

    func getQuickFilters() -> [QuickFilter] {
        return [
            QuickFilter(name: "–ö—Ä—É–ø–Ω—ã–µ –¥–µ–ø–æ–∑–∏—Ç—ã", type: .largeDeposit, value: ""),
            QuickFilter(name: "–¢–æ–ª—å–∫–æ –∏–∑–±—Ä–∞–Ω–Ω–æ–µ", type: .favorite, value: ""),
            QuickFilter(name: "–°–µ–≥–æ–¥–Ω—è", type: .date, value: "today"),
            QuickFilter(name: "100-500$", type: .amountRange, value: "100-500"), 
            QuickFilter(name: "500$+", type: .amountRange, value: "500+")
        ]
    }

    struct QuickFilter {
        let name: String
        let type: Filter.FilterType
        let value: String
    }
}
EOF
mk@mav TelegramUIDScanner % swift build

[1/1] Planning build
Building for debugging...
/Users/mk/TelegramUIDScanner/Sources/TelegramUIDScanner/Services/ParallelProcessor.swift:28:37: error: extra argument 'id' in call
 26 |     
 27 |     func addJob(account: TelegramAccount, uid: String, priority: Int = 0) async -> UUID {
 28 |         let job = ProcessingJob(id: UUID(), account: account, uid: uid, priority: priority)
    |                                     `- error: extra argument 'id' in call
 29 |         queue.append(job)
 30 |         queue.sort { $0.priority > $1.priority } // –°–æ—Ä—Ç–∏—Ä—É–µ–º –ø–æ –ø—Ä–∏–æ—Ä–∏—Ç–µ—Ç—É

/Users/mk/TelegramUIDScanner/Sources/TelegramUIDScanner/Services/ParallelProcessor.swift:76:32: error: actor-isolated property 'queue' can not be referenced from the main actor
  7 |     private let maxConcurrentThreads = 3
  8 |     private var activeThreads = 0
  9 |     private var queue: [ProcessingJob] = []
    |                 `- note: property declared here
 10 |     private var isProcessing = false
 11 |     
    :
 74 |             // –û–±–Ω–æ–≤–ª—è–µ–º UI
 75 |             await MainActor.run {
 76 |                 if let index = queue.firstIndex(where: { $0.id == currentJob.id }) {
    |                                `- error: actor-isolated property 'queue' can not be referenced from the main actor
 77 |                     queue[index] = currentJob
 78 |                 }

/Users/mk/TelegramUIDScanner/Sources/TelegramUIDScanner/Services/ParallelProcessor.swift:77:21: error: actor-isolated property 'queue' can not be mutated from the main actor
  7 |     private let maxConcurrentThreads = 3
  8 |     private var activeThreads = 0
  9 |     private var queue: [ProcessingJob] = []
    |                 `- note: mutation of this property is only permitted within the actor
 10 |     private var isProcessing = false
 11 |     
    :
 75 |             await MainActor.run {
 76 |                 if let index = queue.firstIndex(where: { $0.id == currentJob.id }) {
 77 |                     queue[index] = currentJob
    |                     `- error: actor-isolated property 'queue' can not be mutated from the main actor
 78 |                 }
 79 |             }

/Users/mk/TelegramUIDScanner/Sources/TelegramUIDScanner/Services/ParallelProcessor.swift:92:36: error: actor-isolated property 'queue' can not be referenced from the main actor
  7 |     private let maxConcurrentThreads = 3
  8 |     private var activeThreads = 0
  9 |     private var queue: [ProcessingJob] = []
    |                 `- note: property declared here
 10 |     private var isProcessing = false
 11 |     
    :
 90 |             } else {
 91 |                 await MainActor.run {
 92 |                     if let index = queue.firstIndex(where: { $0.id == currentJob.id }) {
    |                                    `- error: actor-isolated property 'queue' can not be referenced from the main actor
 93 |                         queue[index] = currentJob
 94 |                     }

/Users/mk/TelegramUIDScanner/Sources/TelegramUIDScanner/Services/ParallelProcessor.swift:93:25: error: actor-isolated property 'queue' can not be mutated from the main actor
  7 |     private let maxConcurrentThreads = 3
  8 |     private var activeThreads = 0
  9 |     private var queue: [ProcessingJob] = []
    |                 `- note: mutation of this property is only permitted within the actor
 10 |     private var isProcessing = false
 11 |     
    :
 91 |                 await MainActor.run {
 92 |                     if let index = queue.firstIndex(where: { $0.id == currentJob.id }) {
 93 |                         queue[index] = currentJob
    |                         `- error: actor-isolated property 'queue' can not be mutated from the main actor
 94 |                     }
 95 |                 }
/Users/mk/TelegramUIDScanner/Sources/TelegramUIDScanner/Services/MonitoringService.swift:240:9: error: call to main actor-isolated instance method 'stopMonitoring()' in a synchronous nonisolated context [#ActorIsolatedCall]
 49 |     }
 50 |     
 51 |     func stopMonitoring() {
    |          `- note: calls to instance method 'stopMonitoring()' from outside of its actor context are implicitly asynchronous
 52 |         isMonitoring = false
 53 |         monitoringTask?.cancel()
    :
238 |     
239 |     deinit {
240 |         stopMonitoring()
    |         `- error: call to main actor-isolated instance method 'stopMonitoring()' in a synchronous nonisolated context [#ActorIsolatedCall]
241 |     }
242 | }

[#ActorIsolatedCall]: <https://docs.swift.org/compiler/documentation/diagnostics/actor-isolated-call>
/Users/mk/TelegramUIDScanner/Sources/TelegramUIDScanner/Services/NotificationService.swift:41:22: warning: main actor-isolated property 'lastNotificationTime' can not be mutated from a Sendable closure
 6 |     static let shared = NotificationService()
 7 |     
 8 |     private var lastNotificationTime: Date = .distantPast
   |                 `- note: mutation of this property is only permitted within the actor
 9 |     private let notificationCooldown: TimeInterval = 300
10 |     
   :
39 |                 print("Error adding notification: \(error)")
40 |             } else {
41 |                 self.lastNotificationTime = now
   |                      `- warning: main actor-isolated property 'lastNotificationTime' can not be mutated from a Sendable closure
42 |             }
43 |         }
/Users/mk/TelegramUIDScanner/Sources/TelegramUIDScanner/Services/NotificationService.swift:41:22: warning: main actor-isolated property 'lastNotificationTime' can not be mutated from a Sendable closure
 6 |     static let shared = NotificationService()
 7 |     
 8 |     private var lastNotificationTime: Date = .distantPast
   |                 `- note: mutation of this property is only permitted within the actor
 9 |     private let notificationCooldown: TimeInterval = 300
10 |     
   :
39 |                 print("Error adding notification: \(error)")
40 |             } else {
41 |                 self.lastNotificationTime = now
   |                      `- warning: main actor-isolated property 'lastNotificationTime' can not be mutated from a Sendable closure
42 |             }
43 |         }
[16/19] Compiling TelegramUIDScanner ContentView.swift
mk@mav TelegramUIDScanner % swift run
Building for debugging...
/Users/mk/TelegramUIDScanner/Sources/TelegramUIDScanner/Services/MonitoringService.swift:240:9: error: call to main actor-isolated instance method 'stopMonitoring()' in a synchronous nonisolated context [#ActorIsolatedCall]
 49 |     }
 50 |     
 51 |     func stopMonitoring() {
    |          `- note: calls to instance method 'stopMonitoring()' from outside of its actor context are implicitly asynchronous
 52 |         isMonitoring = false
 53 |         monitoringTask?.cancel()
    :
238 |     
239 |     deinit {
240 |         stopMonitoring()
    |         `- error: call to main actor-isolated instance method 'stopMonitoring()' in a synchronous nonisolated context [#ActorIsolatedCall]
241 |     }
242 | }

[#ActorIsolatedCall]: <https://docs.swift.org/compiler/documentation/diagnostics/actor-isolated-call>
/Users/mk/TelegramUIDScanner/Sources/TelegramUIDScanner/Services/ParallelProcessor.swift:28:37: error: extra argument 'id' in call
 26 |     
 27 |     func addJob(account: TelegramAccount, uid: String, priority: Int = 0) async -> UUID {
 28 |         let job = ProcessingJob(id: UUID(), account: account, uid: uid, priority: priority)
    |                                     `- error: extra argument 'id' in call
 29 |         queue.append(job)
 30 |         queue.sort { $0.priority > $1.priority } // –°–æ—Ä—Ç–∏—Ä—É–µ–º –ø–æ –ø—Ä–∏–æ—Ä–∏—Ç–µ—Ç—É

/Users/mk/TelegramUIDScanner/Sources/TelegramUIDScanner/Services/ParallelProcessor.swift:76:32: error: actor-isolated property 'queue' can not be referenced from the main actor
  7 |     private let maxConcurrentThreads = 3
  8 |     private var activeThreads = 0
  9 |     private var queue: [ProcessingJob] = []
    |                 `- note: property declared here
 10 |     private var isProcessing = false
 11 |     
    :
 74 |             // –û–±–Ω–æ–≤–ª—è–µ–º UI
 75 |             await MainActor.run {
 76 |                 if let index = queue.firstIndex(where: { $0.id == currentJob.id }) {
    |                                `- error: actor-isolated property 'queue' can not be referenced from the main actor
 77 |                     queue[index] = currentJob
 78 |                 }

/Users/mk/TelegramUIDScanner/Sources/TelegramUIDScanner/Services/ParallelProcessor.swift:77:21: error: actor-isolated property 'queue' can not be mutated from the main actor
  7 |     private let maxConcurrentThreads = 3
  8 |     private var activeThreads = 0
  9 |     private var queue: [ProcessingJob] = []
    |                 `- note: mutation of this property is only permitted within the actor
 10 |     private var isProcessing = false
 11 |     
    :
 75 |             await MainActor.run {
 76 |                 if let index = queue.firstIndex(where: { $0.id == currentJob.id }) {
 77 |                     queue[index] = currentJob
    |                     `- error: actor-isolated property 'queue' can not be mutated from the main actor
 78 |                 }
 79 |             }

/Users/mk/TelegramUIDScanner/Sources/TelegramUIDScanner/Services/ParallelProcessor.swift:92:36: error: actor-isolated property 'queue' can not be referenced from the main actor
  7 |     private let maxConcurrentThreads = 3
  8 |     private var activeThreads = 0
  9 |     private var queue: [ProcessingJob] = []
    |                 `- note: property declared here
 10 |     private var isProcessing = false
 11 |     
    :
 90 |             } else {
 91 |                 await MainActor.run {
 92 |                     if let index = queue.firstIndex(where: { $0.id == currentJob.id }) {
    |                                    `- error: actor-isolated property 'queue' can not be referenced from the main actor
 93 |                         queue[index] = currentJob
 94 |                     }

/Users/mk/TelegramUIDScanner/Sources/TelegramUIDScanner/Services/ParallelProcessor.swift:93:25: error: actor-isolated property 'queue' can not be mutated from the main actor
  7 |     private let maxConcurrentThreads = 3
  8 |     private var activeThreads = 0
  9 |     private var queue: [ProcessingJob] = []
    |                 `- note: mutation of this property is only permitted within the actor
 10 |     private var isProcessing = false
 11 |     
    :
 91 |                 await MainActor.run {
 92 |                     if let index = queue.firstIndex(where: { $0.id == currentJob.id }) {
 93 |                         queue[index] = currentJob
    |                         `- error: actor-isolated property 'queue' can not be mutated from the main actor
 94 |                     }
 95 |                 }
[4/7] Compiling TelegramUIDScanner ParallelProcessor.swift
mk@mav TelegramUIDScanner % cd ~/TelegramUIDScanner
swift build
Building for debugging...
/Users/mk/TelegramUIDScanner/Sources/TelegramUIDScanner/Services/MonitoringService.swift:240:9: error: call to main actor-isolated instance method 'stopMonitoring()' in a synchronous nonisolated context [#ActorIsolatedCall]
 49 |     }
 50 |     
 51 |     func stopMonitoring() {
    |          `- note: calls to instance method 'stopMonitoring()' from outside of its actor context are implicitly asynchronous
 52 |         isMonitoring = false
 53 |         monitoringTask?.cancel()
    :
238 |     
239 |     deinit {
240 |         stopMonitoring()
    |         `- error: call to main actor-isolated instance method 'stopMonitoring()' in a synchronous nonisolated context [#ActorIsolatedCall]
241 |     }
242 | }

[#ActorIsolatedCall]: <https://docs.swift.org/compiler/documentation/diagnostics/actor-isolated-call>
/Users/mk/TelegramUIDScanner/Sources/TelegramUIDScanner/Services/ParallelProcessor.swift:28:37: error: extra argument 'id' in call
 26 |     
 27 |     func addJob(account: TelegramAccount, uid: String, priority: Int = 0) async -> UUID {
 28 |         let job = ProcessingJob(id: UUID(), account: account, uid: uid, priority: priority)
    |                                     `- error: extra argument 'id' in call
 29 |         queue.append(job)
 30 |         queue.sort { $0.priority > $1.priority } // –°–æ—Ä—Ç–∏—Ä—É–µ–º –ø–æ –ø—Ä–∏–æ—Ä–∏—Ç–µ—Ç—É

/Users/mk/TelegramUIDScanner/Sources/TelegramUIDScanner/Services/ParallelProcessor.swift:76:32: error: actor-isolated property 'queue' can not be referenced from the main actor
  7 |     private let maxConcurrentThreads = 3
  8 |     private var activeThreads = 0
  9 |     private var queue: [ProcessingJob] = []
    |                 `- note: property declared here
 10 |     private var isProcessing = false
 11 |     
    :
 74 |             // –û–±–Ω–æ–≤–ª—è–µ–º UI
 75 |             await MainActor.run {
 76 |                 if let index = queue.firstIndex(where: { $0.id == currentJob.id }) {
    |                                `- error: actor-isolated property 'queue' can not be referenced from the main actor
 77 |                     queue[index] = currentJob
 78 |                 }

/Users/mk/TelegramUIDScanner/Sources/TelegramUIDScanner/Services/ParallelProcessor.swift:77:21: error: actor-isolated property 'queue' can not be mutated from the main actor
  7 |     private let maxConcurrentThreads = 3
  8 |     private var activeThreads = 0
  9 |     private var queue: [ProcessingJob] = []
    |                 `- note: mutation of this property is only permitted within the actor
 10 |     private var isProcessing = false
 11 |     
    :
 75 |             await MainActor.run {
 76 |                 if let index = queue.firstIndex(where: { $0.id == currentJob.id }) {
 77 |                     queue[index] = currentJob
    |                     `- error: actor-isolated property 'queue' can not be mutated from the main actor
 78 |                 }
 79 |             }

/Users/mk/TelegramUIDScanner/Sources/TelegramUIDScanner/Services/ParallelProcessor.swift:92:36: error: actor-isolated property 'queue' can not be referenced from the main actor
  7 |     private let maxConcurrentThreads = 3
  8 |     private var activeThreads = 0
  9 |     private var queue: [ProcessingJob] = []
    |                 `- note: property declared here
 10 |     private var isProcessing = false
 11 |     
    :
 90 |             } else {
 91 |                 await MainActor.run {
 92 |                     if let index = queue.firstIndex(where: { $0.id == currentJob.id }) {
    |                                    `- error: actor-isolated property 'queue' can not be referenced from the main actor
 93 |                         queue[index] = currentJob
 94 |                     }

/Users/mk/TelegramUIDScanner/Sources/TelegramUIDScanner/Services/ParallelProcessor.swift:93:25: error: actor-isolated property 'queue' can not be mutated from the main actor
  7 |     private let maxConcurrentThreads = 3
  8 |     private var activeThreads = 0
  9 |     private var queue: [ProcessingJob] = []
    |                 `- note: mutation of this property is only permitted within the actor
 10 |     private var isProcessing = false
 11 |     
    :
 91 |                 await MainActor.run {
 92 |                     if let index = queue.firstIndex(where: { $0.id == currentJob.id }) {
 93 |                         queue[index] = currentJob
    |                         `- error: actor-isolated property 'queue' can not be mutated from the main actor
 94 |                     }
 95 |                 }
[4/7] Compiling TelegramUIDScanner ParallelProcessor.swift
mk@mav TelegramUIDScanner % 
